[sinaptika.mercubuana.ac.id/index.html]
[sinaptika.mercubuana.ac.id/xmlrpc.php]
[backblue.gif]
[fade.gif]
[index.html]
[sinaptika.mercubuana.ac.id/wp-content/uploads/2018/04/sinaptika-300x122.png]
[sinaptika.mercubuana.ac.id/wp-content/plugins/contact-form-7/includes/css/styles972f.css]
[sinaptika.mercubuana.ac.id/wp-content/themes/event/style11c4.css]
[sinaptika.mercubuana.ac.id/wp-content/themes/event/assets/font-awesome/css/font-awesome.min11c4.css]
[sinaptika.mercubuana.ac.id/wp-content/themes/event/css/responsive11c4.css]
[sinaptika.mercubuana.ac.id/wp-content/plugins/add-to-any/addtoany.mind50e.css]
[sinaptika.mercubuana.ac.id/wp-content/plugins/forget-about-shortcode-buttons/public/css/button-stylese1fc.css]
[sinaptika.mercubuana.ac.id/wp-content/plugins/kingcomposer/assets/frontend/css/kingcomposer.mineed8.css]
[sinaptika.mercubuana.ac.id/wp-content/plugins/kingcomposer/assets/css/animateeed8.css]
[sinaptika.mercubuana.ac.id/wp-content/plugins/kingcomposer/assets/css/iconseed8.css]
[sinaptika.mercubuana.ac.id/wp-includes/js/jquery/jqueryb8ff.js]
[sinaptika.mercubuana.ac.id/wp-includes/js/jquery/jquery-migrate.min330a.js]
[sinaptika.mercubuana.ac.id/wp-content/plugins/add-to-any/addtoany.min5152.js]
[sinaptika.mercubuana.ac.id/feed/index.html]
[sinaptika.mercubuana.ac.id/comments/feed/index.html]
[sinaptika.mercubuana.ac.id/wp-content/themes/event/js/jquery.flexslider11c4.js]
[sinaptika.mercubuana.ac.id/wp-content/themes/event/js/event-flexslider-setting11c4.js]
[sinaptika.mercubuana.ac.id/wp-json/index.html]
[sinaptika.mercubuana.ac.id/xmlrpc0db0.php]
[sinaptika.mercubuana.ac.id/wp-includes/wlwmanifest.xml]
[sinaptika.mercubuana.ac.id/wp-json/oembed/1.0/embed000e.json]
[sinaptika.mercubuana.ac.id/wp-json/oembed/1.0/embed9534]
[static.addtoany.com/menu/page.js]
[sinaptika.mercubuana.ac.id/wp-content/uploads/2018/04/cropped-LOGO-UMB-PSD-1-1-32x32.png]
[sinaptika.mercubuana.ac.id/wp-content/uploads/2018/04/cropped-LOGO-UMB-PSD-1-1-192x192.png]
[sinaptika.mercubuana.ac.id/wp-content/uploads/2018/04/cropped-LOGO-UMB-PSD-1-1-180x180.png]
[sinaptika.mercubuana.ac.id/wp-admin/images/duplicate.jpg]
[sinaptika.mercubuana.ac.id/cdn-cgi/l/email-protection.html]
[sinaptika.mercubuana.ac.id/wp-content/uploads/2021/08/WhatsApp-Image-2021-08-07-at-15.35.12.jpg]
[sinaptika.mercubuana.ac.id/wp-content/uploads/2016/08/WhatsApp-Image-2021-08-07-at-15.21.15.jpg]
[sinaptika.mercubuana.ac.id/wp-content/uploads/2016/08/2.jpg]
[sinaptika.mercubuana.ac.id/wp-content/uploads/2018/04/79709-200.png]
[sinaptika.mercubuana.ac.id/wp-content/uploads/2021/08/—Pngtree—paper-icon_4422781.png]
[sinaptika.mercubuana.ac.id/front-page-features/call-for-paper/index.html]
[sinaptika.mercubuana.ac.id/seminar-nasional-sinaptika/index.html]
[sinaptika.mercubuana.ac.id/acomodation/index.html]
[sinaptika.mercubuana.ac.id/wp-content/uploads/2021/08/—Pngtree—communication-icon_3607833.png]
[sinaptika.mercubuana.ac.id/wp-content/uploads/2021/08/Prof-Anton-Abdulbasah-Kamil.jpg]
[sinaptika.mercubuana.ac.id/wp-content/uploads/2021/08/prof-juliana.jpg]
[sinaptika.mercubuana.ac.id/wp-content/uploads/2016/08/slider-image-1.jpg]
[sinaptika.mercubuana.ac.id/wp-content/uploads/2018/04/14-2017.jpg]
[sinaptika.mercubuana.ac.id/wp-content/uploads/2018/04/1-2017.jpg]
[sinaptika.mercubuana.ac.id/wp-content/uploads/2016/08/portfolio-image-3.jpg]
[sinaptika.mercubuana.ac.id/wp-content/uploads/2018/04/trophyicon_1198.png]
[sinaptika.mercubuana.ac.id/acomodation/travels/index.html]
[sinaptika.mercubuana.ac.id/wp-content/uploads/2018/04/Group.png]
[demo.themefreesia.com/event/wp-content/uploads/sites/13/2016/08/parallax-3.2a.delayed]
[sinaptika.mercubuana.ac.id/tentang-sinaptika/index.html]
[sinaptika.mercubuana.ac.id/tentang-sinaptika/contact-persons/index.html]
[sinaptika.mercubuana.ac.id/tentang-sinaptika/contact-us/index.html]
[sinaptika.mercubuana.ac.id/seminar-nasional-sinaptika-2021/index.html]
[sinaptika.mercubuana.ac.id/wp-content/uploads/2021/08/dekan-yaya.jpg]
[sinaptika.mercubuana.ac.id/wp-content/uploads/2021/08/vj.jpg]
[sinaptika.mercubuana.ac.id/wp-content/uploads/2019/10/WhatsApp-Image-2019-10-25-at-14.49.12-1.jpg]
[sinaptika.mercubuana.ac.id/meningkatkan-inovasi-digital-untuk-menjawab-tantangan-global-dimasa-pandemic/index.html]
[sinaptika.mercubuana.ac.id/your-ultimate-event-solution/index.html]
[sinaptika.mercubuana.ac.id/seminar-nasional-pengaplikasian-telematika-sinaptika-2020/index.html]
[sinaptika.mercubuana.ac.id/event-date/index.html]
[sinaptika.mercubuana.ac.id/pengabdian-masyarakat/index.html]
[sinaptika.mercubuana.ac.id/prof-anton-abdulbasah-kamil/index.html]
[sinaptika.mercubuana.ac.id/prof-rahmat-budiarto/index.html]
[sinaptika.mercubuana.ac.id/prof-juliana-sutanto/index.html]
[sinaptika.mercubuana.ac.id/gallery/seminar-nasional-mou/index.html]
[sinaptika.mercubuana.ac.id/gallery/innovative-events/index.html]
[sinaptika.mercubuana.ac.id/gallery/promotions-and-product-launches/index.html]
[demo.themefreesia.com/event/wp-content/uploads/sites/13/2016/08/footer.2e.delayed]
[sinaptika.mercubuana.ac.id/cdn-cgi/scripts/5c5dd728/cloudflare-static/email-decode.min.js]
[sinaptika.mercubuana.ac.id/wp-content/plugins/contact-form-7/includes/js/scripts972f.js]
[sinaptika.mercubuana.ac.id/wp-content/themes/event/js/event-main11c4.js]
[sinaptika.mercubuana.ac.id/wp-content/themes/event/assets/sticky/jquery.sticky.min11c4.js]
[sinaptika.mercubuana.ac.id/wp-content/themes/event/js/navigation11c4.js]
[sinaptika.mercubuana.ac.id/wp-content/plugins/kingcomposer/assets/frontend/js/kingcomposer.mineed8.js]
[sinaptika.mercubuana.ac.id/wp-includes/js/wp-embed.min11c4.js]
[sinaptika.mercubuana.ac.id/cdn-cgi/scripts/7d0fa10a/cloudflare-static/rocket-loader.min.js]
[sinaptika.mercubuana.ac.id/cdn-cgi/challenge-platform/scripts/jsd/main.js]
[sinaptika.mercubuana.ac.id/index.html]
[sinaptika.mercubuana.ac.id/xmlrpc.html]
[sinaptika.mercubuana.ac.id/cdn-cgi/challenge-platform/h/g/scripts/jsd/dffb14d6/main.js]
[sinaptika.mercubuana.ac.id/wp-content/plugins/contact-form-7/includes/css/styles972f.css]
[sinaptika.mercubuana.ac.id/wp-content/themes/event/style11c4.css]
[sinaptika.mercubuana.ac.id/wp-content/themes/event/assets/font-awesome/fonts/fontawesome-webfont3e6e.eot]
[sinaptika.mercubuana.ac.id/wp-content/themes/event/assets/font-awesome/fonts/fontawesome-webfontd41d.eot]
[sinaptika.mercubuana.ac.id/wp-content/themes/event/assets/font-awesome/fonts/fontawesome-webfont3e6e.ttf]
[sinaptika.mercubuana.ac.id/wp-content/themes/event/assets/font-awesome/css/font-awesome.min11c4.css]
[sinaptika.mercubuana.ac.id/wp-content/themes/event/css/responsive11c4.css]
[sinaptika.mercubuana.ac.id/wp-content/plugins/add-to-any/addtoany.mind50e.css]
[sinaptika.mercubuana.ac.id/wp-includes/css/dashicons.min.css]
[sinaptika.mercubuana.ac.id/wp-content/plugins/forget-about-shortcode-buttons/public/css/button-stylese1fc.css]
[sinaptika.mercubuana.ac.id/wp-content/plugins/forget-about-shortcode-buttons/public/css/font-awesome.min.css]
[sinaptika.mercubuana.ac.id/wp-content/plugins/kingcomposer/assets/frontend/images/loader.png]
[sinaptika.mercubuana.ac.id/wp-content/plugins/kingcomposer/assets/frontend/images/loading.gif]
[sinaptika.mercubuana.ac.id/wp-content/plugins/kingcomposer/assets/frontend/images/fb_loading.gif]
[sinaptika.mercubuana.ac.id/wp-content/plugins/kingcomposer/assets/frontend/images/icon-remove.png]
[sinaptika.mercubuana.ac.id/wp-content/plugins/kingcomposer/assets/frontend/css/kingcomposer.mineed8.css]
[sinaptika.mercubuana.ac.id/wp-content/plugins/kingcomposer/assets/css/animateeed8.css]
[sinaptika.mercubuana.ac.id/wp-content/plugins/kingcomposer/assets/css/fonts/Simple-Line-Icons4c82.eot]
[sinaptika.mercubuana.ac.id/wp-content/plugins/kingcomposer/assets/css/fonts/Simple-Line-Iconsd41d.eot]
[sinaptika.mercubuana.ac.id/wp-content/plugins/kingcomposer/assets/css/fonts/Simple-Line-Icons.ttf]
[sinaptika.mercubuana.ac.id/wp-content/plugins/kingcomposer/assets/css/fonts/Simple-Line-Icons.woff]
[sinaptika.mercubuana.ac.id/wp-content/plugins/kingcomposer/assets/css/fonts/et-lined41d.eot]
[sinaptika.mercubuana.ac.id/wp-content/plugins/kingcomposer/assets/css/fonts/et-line.woff]
[sinaptika.mercubuana.ac.id/wp-content/plugins/kingcomposer/assets/css/fonts/et-line.ttf]
[sinaptika.mercubuana.ac.id/wp-content/plugins/kingcomposer/assets/css/fonts/et-line.svg]
[sinaptika.mercubuana.ac.id/wp-content/plugins/kingcomposer/assets/css/fonts/fa-solid-900.eot]
[sinaptika.mercubuana.ac.id/wp-content/plugins/kingcomposer/assets/css/fonts/fa-solid-900.woff]
[sinaptika.mercubuana.ac.id/wp-content/plugins/kingcomposer/assets/css/fonts/fa-solid-900.ttf]
[sinaptika.mercubuana.ac.id/wp-content/plugins/kingcomposer/assets/css/fonts/fa-solid-900.svg]
[sinaptika.mercubuana.ac.id/wp-content/plugins/kingcomposer/assets/css/fonts/fa-brands-400.woff]
[sinaptika.mercubuana.ac.id/wp-content/plugins/kingcomposer/assets/css/fonts/fa-brands-400.ttf]
[sinaptika.mercubuana.ac.id/wp-content/plugins/kingcomposer/assets/css/iconseed8.css]
[sinaptika.mercubuana.ac.id/cdn-cgi/l/email-protection.html]
[sinaptika.mercubuana.ac.id/wp-content/plugins/kingcomposer/assets/css/fonts/fa-brands-400.svg]
[sinaptika.mercubuana.ac.id/wp-json/oembed/1.0/embed37e5.json]
[sinaptika.mercubuana.ac.id/wp-json/oembed/1.0/embedf1e8]
[sinaptika.mercubuana.ac.id/wp-content/uploads/2021/10/logo-sinta-300x118.jpg]
[sinaptika.mercubuana.ac.id/wp-content/uploads/2020/11/Petunjuk-Penulisan-Makalah-SINAPTIKA.docx]
[sinaptika.mercubuana.ac.id/wp-content/uploads/2021/08/Template-ADIMASSI.docx]
[sinaptika.mercubuana.ac.id/front-page-features/call-for-paper/index.html]
[sinaptika.mercubuana.ac.id/wp-content/uploads/2018/04/seminar.jpg]
[sinaptika.mercubuana.ac.id/wp-json/oembed/1.0/embedde0a.json]
[sinaptika.mercubuana.ac.id/7-november-2021/index.html]
[sinaptika.mercubuana.ac.id/2021/11/index.html]
[sinaptika.mercubuana.ac.id/9-november-s-d-12-november-2021/index.html]
[sinaptika.mercubuana.ac.id/wp-json/oembed/1.0/embed6140]
[sinaptika.mercubuana.ac.id/2021/10/index.html]
[sinaptika.mercubuana.ac.id/wp-content/uploads/2018/04/WhatsApp-Image-2021-08-07-at-15.21.15-300x100.jpg]
[sinaptika.mercubuana.ac.id/wp-includes/js/comment-reply.min11c4.js]
[sinaptika.mercubuana.ac.id/seminar-nasional-sinaptika/index.html]
[sinaptika.mercubuana.ac.id/2021/08/index.html]
[sinaptika.mercubuana.ac.id/2020/11/index.html]
[sinaptika.mercubuana.ac.id/2019/10/index.html]
[sinaptika.mercubuana.ac.id/2018/11/index.html]
[sinaptika.mercubuana.ac.id/wp-json/oembed/1.0/embed74bf.json]
[sinaptika.mercubuana.ac.id/2016/09/index.html]
[sinaptika.mercubuana.ac.id/2018/04/index.html]
[sinaptika.mercubuana.ac.id/2016/08/index.html]
[sinaptika.mercubuana.ac.id/seminar-nasional-sinaptika/feed/index.html]
[sinaptika.mercubuana.ac.id/wp-json/oembed/1.0/embed2d46]
[sinaptika.mercubuana.ac.id/acomodation/index.html]
[sinaptika.mercubuana.ac.id/author/sinaptikamercubuana-ac-id/index.html]
[sinaptika.mercubuana.ac.id/kompetisi-teknologi-informasi-2/index.html]
[sinaptika.mercubuana.ac.id/category/upcoming-events/index.html]
[sinaptika.mercubuana.ac.id/presentasi-paralel-session/index.html]
[sinaptika.mercubuana.ac.id/wp-json/oembed/1.0/embed8f39.json]
[sinaptika.mercubuana.ac.id/wp-json/oembed/1.0/embedb22f]
[sinaptika.mercubuana.ac.id/acomodation/travels/index.html]
[sinaptika.mercubuana.ac.id/wp-json/oembed/1.0/embed4ae6.json]
[sinaptika.mercubuana.ac.id/acomodation/hotels/index.html]
[sinaptika.mercubuana.ac.id/wp-json/oembed/1.0/embed9f86]
[sinaptika.mercubuana.ac.id/tentang-sinaptika/index.html]
[sinaptika.mercubuana.ac.id/wp-json/oembed/1.0/embed1fd3.json]
[sinaptika.mercubuana.ac.id/tentang-sinaptika/committe/index.html]
[sinaptika.mercubuana.ac.id/tentang-sinaptika/contact-persons/index.html]
[sinaptika.mercubuana.ac.id/wp-json/oembed/1.0/embed9a4a]
[sinaptika.mercubuana.ac.id/wp-json/oembed/1.0/embedf7d3.json]
[sinaptika.mercubuana.ac.id/wp-json/oembed/1.0/embedc7f3]
[sinaptika.mercubuana.ac.id/wp-content/uploads/2018/04/sinaptika.png]
[sinaptika.mercubuana.ac.id/tentang-sinaptika/contact-us/index.html]
[sinaptika.mercubuana.ac.id/wp-json/oembed/1.0/embed6e74.json]
[sinaptika.mercubuana.ac.id/seminar-nasional-sinaptika-2021/feed/index.html]
[sinaptika.mercubuana.ac.id/wp-json/oembed/1.0/embed58fd]
[sinaptika.mercubuana.ac.id/seminar-nasional-sinaptika-2021/index.html]
[sinaptika.mercubuana.ac.id/12-desember-2020/index.html]
[sinaptika.mercubuana.ac.id/wp-json/oembed/1.0/embed8f39-2.json]
[sinaptika.mercubuana.ac.id/wp-json/oembed/1.0/embedaf43]
[sinaptika.mercubuana.ac.id/meningkatkan-inovasi-digital-untuk-menjawab-tantangan-global-dimasa-pandemic/index.html]
[sinaptika.mercubuana.ac.id/wp-content/uploads/2016/08/2.jpg]
[sinaptika.mercubuana.ac.id/wp-json/oembed/1.0/embed465a.json]
[sinaptika.mercubuana.ac.id/category/sinaptika-2021/index.html]
[sinaptika.mercubuana.ac.id/a-passion-for-planning-enjoy-putting-their-plans-into-action-and-organizing-events/index.html]
[sinaptika.mercubuana.ac.id/your-ultimate-event-solution/index.html]
[sinaptika.mercubuana.ac.id/wp-json/oembed/1.0/embedb54a]
[sinaptika.mercubuana.ac.id/wp-content/uploads/2019/10/WhatsApp-Image-2020-10-03-at-1.49.23-PM.jpeg]
[sinaptika.mercubuana.ac.id/wp-json/oembed/1.0/embeded47.json]
[sinaptika.mercubuana.ac.id/seminar-nasional-pengaplikasian-telematika-sinaptika-2020/feed/index.html]
[sinaptika.mercubuana.ac.id/category/fasilkom-univ-mercu-buana/index.html]
[sinaptika.mercubuana.ac.id/wp-json/oembed/1.0/embede294]
[sinaptika.mercubuana.ac.id/wp-content/uploads/2016/08/WhatsApp-Image-2020-10-03-at-1.47.09-PM-2-212x300.jpg]
[sinaptika.mercubuana.ac.id/seminar-nasional-pengaplikasian-telematika-sinaptika-2020/index.html]
[sinaptika.mercubuana.ac.id/wp-json/oembed/1.0/embed94b1.json]
[sinaptika.mercubuana.ac.id/category/sinaptika-sebelumya/index.html]
[sinaptika.mercubuana.ac.id/wp-json/oembed/1.0/embed6b24]
[sinaptika.mercubuana.ac.id/event-date/index.html]
[sinaptika.mercubuana.ac.id/front-page-features/seminar-nasional/index.html]
[sinaptika.mercubuana.ac.id/wp-content/uploads/2021/08/—Pngtree—paper-icon_4422781.png]
[sinaptika.mercubuana.ac.id/wp-json/oembed/1.0/embed9bd6.json]
[sinaptika.mercubuana.ac.id/wp-json/oembed/1.0/embed3c4d]
[sinaptika.mercubuana.ac.id/wp-content/uploads/2021/08/WhatsApp-Image-2021-08-07-at-15.35.12-300x100.jpg]
[sinaptika.mercubuana.ac.id/pengabdian-masyarakat/index.html]
[sinaptika.mercubuana.ac.id/wp-content/uploads/2021/08/—Pngtree—communication-icon_3607833.png]
[sinaptika.mercubuana.ac.id/wp-json/oembed/1.0/embed5cc6.json]
[sinaptika.mercubuana.ac.id/wp-json/oembed/1.0/embedf29e]
[sinaptika.mercubuana.ac.id/prof-anton-abdulbasah-kamil/index.html]
[sinaptika.mercubuana.ac.id/wp-json/oembed/1.0/embedf314.json]
[sinaptika.mercubuana.ac.id/wp-json/oembed/1.0/embed26fe]
[sinaptika.mercubuana.ac.id/prof-rahmat-budiarto/index.html]
[sinaptika.mercubuana.ac.id/wp-content/uploads/2021/08/prof-rahmat-budiarto.jpg]
[sinaptika.mercubuana.ac.id/wp-json/oembed/1.0/embed3ddf.json]
[sinaptika.mercubuana.ac.id/prof-juliana-sutanto/index.html]
[sinaptika.mercubuana.ac.id/wp-json/oembed/1.0/embed1e89]
[sinaptika.mercubuana.ac.id/wp-content/uploads/2018/04/14-2017.jpg]
[sinaptika.mercubuana.ac.id/wp-json/oembed/1.0/embed9b5a.json]
[sinaptika.mercubuana.ac.id/wp-json/oembed/1.0/embed1478]
[sinaptika.mercubuana.ac.id/wp-content/uploads/2018/04/14-2017-300x200.jpg]
[sinaptika.mercubuana.ac.id/wp-content/uploads/2018/04/24-2017-300x200.jpg]
[sinaptika.mercubuana.ac.id/wp-content/uploads/2018/04/1-2017-300x200.jpg]
[sinaptika.mercubuana.ac.id/wp-content/uploads/2018/04/2-2017-300x200.jpg]
[sinaptika.mercubuana.ac.id/wp-content/uploads/2018/04/3-2017-300x200.jpg]
[sinaptika.mercubuana.ac.id/wp-content/uploads/2018/04/4-2017-300x200.jpg]
[sinaptika.mercubuana.ac.id/wp-content/uploads/2018/04/5-2017-300x200.jpg]
[sinaptika.mercubuana.ac.id/wp-content/uploads/2018/04/6-2017-300x199.jpg]
[sinaptika.mercubuana.ac.id/wp-content/uploads/2018/04/7-2017-300x199.jpg]
[sinaptika.mercubuana.ac.id/wp-content/uploads/2018/04/8-2017-300x199.jpg]
[sinaptika.mercubuana.ac.id/wp-content/uploads/2018/04/9-2017-300x199.jpg]
[sinaptika.mercubuana.ac.id/wp-content/uploads/2018/04/10-2017-300x199.jpg]
[sinaptika.mercubuana.ac.id/wp-content/uploads/2018/04/11-2017-300x199.jpg]
[sinaptika.mercubuana.ac.id/wp-content/uploads/2018/04/12-2017-300x199.jpg]
[sinaptika.mercubuana.ac.id/wp-content/uploads/2018/04/13-2017-300x200.jpg]
[sinaptika.mercubuana.ac.id/wp-content/uploads/2018/04/14-2017-1-300x200.jpg]
[sinaptika.mercubuana.ac.id/wp-content/uploads/2018/04/15-2017-300x200.jpg]
[sinaptika.mercubuana.ac.id/wp-content/uploads/2018/04/16-2017-300x200.jpg]
[sinaptika.mercubuana.ac.id/wp-content/uploads/2018/04/17-2017-300x200.jpg]
[sinaptika.mercubuana.ac.id/wp-content/uploads/2018/04/18-2017-300x200.jpg]
[sinaptika.mercubuana.ac.id/wp-content/uploads/2018/04/19-2017-300x200.jpg]
[sinaptika.mercubuana.ac.id/wp-content/uploads/2018/04/20-2017-300x200.jpg]
[sinaptika.mercubuana.ac.id/wp-content/uploads/2018/04/21-2017-300x200.jpg]
[sinaptika.mercubuana.ac.id/wp-content/uploads/2018/04/22-2017-300x200.jpg]
[sinaptika.mercubuana.ac.id/wp-content/uploads/2018/04/23-2017-300x200.jpg]
[sinaptika.mercubuana.ac.id/gallery/seminar-nasional-mou/index.html]
[sinaptika.mercubuana.ac.id/wp-json/oembed/1.0/embed98f3.json]
[sinaptika.mercubuana.ac.id/wp-json/oembed/1.0/embedcb9d]
[sinaptika.mercubuana.ac.id/gallery/innovative-events/index.html]
[sinaptika.mercubuana.ac.id/wp-json/oembed/1.0/embed6112.json]
[sinaptika.mercubuana.ac.id/wp-json/oembed/1.0/embed4d11]
[sinaptika.mercubuana.ac.id/gallery/promotions-and-product-launches/index.html]
[sinaptika.mercubuana.ac.id/front-page-features/lomba-teknologi-informasi/index.html]
[sinaptika.mercubuana.ac.id/front-page-features/workshop-teknologi-informasi/index.html]
[demo.themefreesia.com/event/wp-content/uploads/sites/13/2016/08/parallax-3.html]
[demo.themefreesia.com/event/wp-content/uploads/sites/13/2016/08/footer.html]
[sinaptika.mercubuana.ac.id/wp-content/themes/event/assets/sticky/sticky-settings11c4.html]
[sinaptika.mercubuana.ac.id/wp-content/plugins/contact-form-7/images/ajax-loader.html]
[sinaptika.mercubuana.ac.id/wp-content/themes/event/assets/font-awesome/fonts/fontawesome-webfont3e6e.ttf]
[sinaptika.mercubuana.ac.id/wp-content/themes/event/assets/font-awesome/fonts/fontawesome-webfont3e6e.woff]
[sinaptika.mercubuana.ac.id/wp-includes/css/dashicons.min.css]
[sinaptika.mercubuana.ac.id/wp-includes/fonts/dashicons.eot]
[sinaptika.mercubuana.ac.id/wp-content/plugins/forget-about-shortcode-buttons/public/fonts/fontawesome-webfontba72.eot]
[sinaptika.mercubuana.ac.id/wp-content/plugins/forget-about-shortcode-buttons/public/fonts/fontawesome-webfontba72.ttf]
[sinaptika.mercubuana.ac.id/wp-content/plugins/forget-about-shortcode-buttons/public/css/font-awesome.min.css]
[sinaptika.mercubuana.ac.id/wp-content/plugins/kingcomposer/assets/css/fonts/Simple-Line-Iconsd41d.html]
[sinaptika.mercubuana.ac.id/wp-content/plugins/kingcomposer/assets/css/fonts/et-line.html]
[sinaptika.mercubuana.ac.id/wp-content/plugins/kingcomposer/assets/css/fonts/et-line.svg]
[sinaptika.mercubuana.ac.id/wp-content/plugins/kingcomposer/assets/css/fonts/fa-solid-900.ttf]
[sinaptika.mercubuana.ac.id/wp-content/plugins/kingcomposer/assets/css/fonts/fa-solid-900.svg]
[sinaptika.mercubuana.ac.id/wp-content/plugins/kingcomposer/assets/css/fonts/fa-solid-900d41d.eot]
[sinaptika.mercubuana.ac.id/wp-content/plugins/kingcomposer/assets/css/fonts/fa-brands-400.html]
[sinaptika.mercubuana.ac.id/wp-content/plugins/kingcomposer/assets/css/fonts/fa-brands-400.svg]
[sinaptika.mercubuana.ac.id/wp-content/uploads/2021/08/Template-ADIMASSI.docx]
[sinaptika.mercubuana.ac.id/wp-content/plugins/forget-about-shortcode-buttons/public/fonts/fontawesome-webfontba72.svg]
[sinaptika.mercubuana.ac.id/wp-content/plugins/kingcomposer/assets/css/fonts/fa-brands-400d41d.eot]
[sinaptika.mercubuana.ac.id/7-november-2021/index.html]
[sinaptika.mercubuana.ac.id/wp-json/oembed/1.0/embedbdb4]
[sinaptika.mercubuana.ac.id/7-november-2021/feed/index.html]
[sinaptika.mercubuana.ac.id/9-november-2021/index.html]
[sinaptika.mercubuana.ac.id/12-november-2021/index.html]
[sinaptika.mercubuana.ac.id/category/tanggal-penting/gelombang-3/index.html]
[sinaptika.mercubuana.ac.id/wp-json/oembed/1.0/embede6f9.json]
[sinaptika.mercubuana.ac.id/9-november-s-d-12-november-2021/feed/index.html]
[sinaptika.mercubuana.ac.id/wp-json/oembed/1.0/embed0f7c]
[sinaptika.mercubuana.ac.id/9-november-s-d-12-november-2021/index.html]
[sinaptika.mercubuana.ac.id/2021/11/index.html]
[sinaptika.mercubuana.ac.id/2021/10/index.html]
[sinaptika.mercubuana.ac.id/category/tanggal-penting/gelombang-2/index.html]
[sinaptika.mercubuana.ac.id/05-november-2021/index.html]
[sinaptika.mercubuana.ac.id/2021/08/index.html]
[sinaptika.mercubuana.ac.id/02-november-s-d-05-november-2021/index.html]
[sinaptika.mercubuana.ac.id/2020/11/index.html]
[sinaptika.mercubuana.ac.id/02-november-2021/index.html]
[sinaptika.mercubuana.ac.id/1-oktober-s-d-24-oktober-2021/index.html]
[sinaptika.mercubuana.ac.id/2019/10/index.html]
[sinaptika.mercubuana.ac.id/ketentuan/index.html]
[sinaptika.mercubuana.ac.id/12-desember-2020-2/index.html]
[sinaptika.mercubuana.ac.id/category/disclaimer/index.html]
[sinaptika.mercubuana.ac.id/wp-content/uploads/2018/11/WhatsApp-Image-2020-11-21-at-13.06.09-2.jpg]
[sinaptika.mercubuana.ac.id/wp-content/uploads/2018/11/WhatsApp-Image-2020-11-21-at-13.06.09-300x300.jpg]
[sinaptika.mercubuana.ac.id/2018/11/index.html]
[sinaptika.mercubuana.ac.id/wp-content/uploads/2018/04/codig.jpg]
[sinaptika.mercubuana.ac.id/2018/04/index.html]
[sinaptika.mercubuana.ac.id/category/tanggal-penting/early-bird/index.html]
[sinaptika.mercubuana.ac.id/category/tanggal-penting/normal/index.html]
[sinaptika.mercubuana.ac.id/2018/04/page/2/index.html]
[sinaptika.mercubuana.ac.id/wp-content/uploads/2016/08/featured-image-1.jpg]
[sinaptika.mercubuana.ac.id/kompetisi-teknologi-informasi/index.html]
[sinaptika.mercubuana.ac.id/workshop-teknologi-informasi-untuk-mahasiswa-dan-umum/index.html]
[sinaptika.mercubuana.ac.id/1-17-oktober-2018/index.html]
[sinaptika.mercubuana.ac.id/wp-content/uploads/2016/08/featured-image-2.jpg]
[sinaptika.mercubuana.ac.id/wp-content/uploads/2016/08/featured-image-4.jpg]
[sinaptika.mercubuana.ac.id/wp-content/uploads/2016/08/featured-image-3.jpg]
[sinaptika.mercubuana.ac.id/2016/09/index.html]
[sinaptika.mercubuana.ac.id/1-oktober-2018/index.html]
[sinaptika.mercubuana.ac.id/2016/08/index.html]
[sinaptika.mercubuana.ac.id/16-30-juli-2018/index.html]
[sinaptika.mercubuana.ac.id/10-september-2018/index.html]
[sinaptika.mercubuana.ac.id/16-juli-2018/index.html]
[sinaptika.mercubuana.ac.id/indexc128.html]
[sinaptika.mercubuana.ac.id/type/image/index.html]
[sinaptika.mercubuana.ac.id/a-passion-for-planning-enjoy-putting-their-plans-into-action/index.html]
[sinaptika.mercubuana.ac.id/author/sinaptikamercubuana-ac-id/index.html]
[sinaptika.mercubuana.ac.id/2-juli-2018/index.html]
[sinaptika.mercubuana.ac.id/event-involves-the-planning-of-all-kinds-of-events-4/index.html]
[sinaptika.mercubuana.ac.id/category/upcoming-events/index.html]
[sinaptika.mercubuana.ac.id/type/aside/index.html]
[sinaptika.mercubuana.ac.id/event-involves-the-planning-of-all-kinds-of-events-3/index.html]
[sinaptika.mercubuana.ac.id/do-you-have-a-passion-for-organizing-and-meeting-new-people/index.html]
[sinaptika.mercubuana.ac.id/type/chat/index.html]
[sinaptika.mercubuana.ac.id/wp-json/oembed/1.0/embedc7b8.json]
[sinaptika.mercubuana.ac.id/hello-world-3/index.html]
[sinaptika.mercubuana.ac.id/event-involves-the-planning-of-all-kinds-of-events/index.html]
[sinaptika.mercubuana.ac.id/event-involves-the-planning-of-all-kinds-of-events-2/index.html]
[sinaptika.mercubuana.ac.id/type/audio/index.html]
[sinaptika.mercubuana.ac.id/wp-json/oembed/1.0/embedf2c5]
[sinaptika.mercubuana.ac.id/kompetisi-teknologi-informasi-2/index.html]
[sinaptika.mercubuana.ac.id/tag/hello/index.html]
[sinaptika.mercubuana.ac.id/tag/theme-freesia/index.html]
[sinaptika.mercubuana.ac.id/tag/world/index.html]
[sinaptika.mercubuana.ac.id/the-clean-typography-and-awesome-white-layout/index.html]
[sinaptika.mercubuana.ac.id/wp-content/uploads/2018/04/seminar.jpg]
[sinaptika.mercubuana.ac.id/wp-json/oembed/1.0/embedb910.json]
[sinaptika.mercubuana.ac.id/tag/themefreesia/index.html]
[sinaptika.mercubuana.ac.id/tag/event/index.html]
[sinaptika.mercubuana.ac.id/author/sinaptikamercubuana-ac-id/feed/index.html]
[sinaptika.mercubuana.ac.id/kompetisi-teknologi-informasi-2/feed/index.html]
[sinaptika.mercubuana.ac.id/wp-json/oembed/1.0/embed2a05]
[sinaptika.mercubuana.ac.id/presentasi-paralel-session/index.html]
[sinaptika.mercubuana.ac.id/index0111.html]
[sinaptika.mercubuana.ac.id/index8fde.html]
[sinaptika.mercubuana.ac.id/category/upcoming-events/feed/index.html]
[sinaptika.mercubuana.ac.id/presentasi-paralel-session/feed/index.html]
[sinaptika.mercubuana.ac.id/wp-json/oembed/1.0/embed6377.json]
[sinaptika.mercubuana.ac.id/acomodation/hotels/index.html]
[sinaptika.mercubuana.ac.id/index8a0c.html]
[sinaptika.mercubuana.ac.id/wp-json/oembed/1.0/embed8c04]
[sinaptika.mercubuana.ac.id/wp-json/oembed/1.0/embedf173.json]
[sinaptika.mercubuana.ac.id/tentang-sinaptika/committe/index.html]
[sinaptika.mercubuana.ac.id/index64ca.html]
[sinaptika.mercubuana.ac.id/index146c.html]
[sinaptika.mercubuana.ac.id/indexbd7b.html]
[sinaptika.mercubuana.ac.id/wp-json/oembed/1.0/embed0a39]
[sinaptika.mercubuana.ac.id/wp-json/oembed/1.0/embedafd7.json]
[sinaptika.mercubuana.ac.id/12-desember-2020/feed/index.html]
[sinaptika.mercubuana.ac.id/12-desember-2020/index.html]
[sinaptika.mercubuana.ac.id/index5757.html]
[sinaptika.mercubuana.ac.id/category/sinaptika-2021/index.html]
[sinaptika.mercubuana.ac.id/wp-json/oembed/1.0/embedd2c0]
[sinaptika.mercubuana.ac.id/category/sinaptika-2021/feed/index.html]
[sinaptika.mercubuana.ac.id/a-passion-for-planning-enjoy-putting-their-plans-into-action-and-organizing-events/feed/index.html]
[sinaptika.mercubuana.ac.id/wp-json/oembed/1.0/embed288c.json]
[sinaptika.mercubuana.ac.id/wp-json/oembed/1.0/embed9c91]
[sinaptika.mercubuana.ac.id/a-passion-for-planning-enjoy-putting-their-plans-into-action-and-organizing-events/index.html]
[sinaptika.mercubuana.ac.id/category/fasilkom-univ-mercu-buana/index.html]
[sinaptika.mercubuana.ac.id/wp-content/uploads/2016/08/2.jpg]
[sinaptika.mercubuana.ac.id/indexbbc7.html]
[sinaptika.mercubuana.ac.id/category/fasilkom-univ-mercu-buana/feed/index.html]
[sinaptika.mercubuana.ac.id/category/sinaptika-sebelumya/index.html]
[sinaptika.mercubuana.ac.id/category/fasilkom-univ-mercu-buana/page/2/index.html]
[sinaptika.mercubuana.ac.id/index0e62.html]
[sinaptika.mercubuana.ac.id/hello-world/index.html]
[sinaptika.mercubuana.ac.id/wp-content/uploads/2021/08/—Pngtree—paper-icon_4422781.png]
[sinaptika.mercubuana.ac.id/category/sinaptika-sebelumya/feed/index.html]
[sinaptika.mercubuana.ac.id/indexbbcb.html]
[sinaptika.mercubuana.ac.id/index2569.html]
[sinaptika.mercubuana.ac.id/index8bc8.html]
[sinaptika.mercubuana.ac.id/index56d6.html]
[sinaptika.mercubuana.ac.id/lomba-teknologi-informasi/index.html]
[sinaptika.mercubuana.ac.id/workshop-teknologi-informasi-untuk-mahasiswa/index.html]
[sinaptika.mercubuana.ac.id/wp-content/themes/event/assets/font-awesome/fonts/fontawesome-webfont3e6e.woff2]
[sinaptika.mercubuana.ac.id/wp-content/themes/event/assets/font-awesome/fonts/fontawesome-webfont3e6e.ttf]
[sinaptika.mercubuana.ac.id/wp-content/plugins/forget-about-shortcode-buttons/public/fonts/fontawesome-webfontd41d.html]
[sinaptika.mercubuana.ac.id/wp-content/plugins/forget-about-shortcode-buttons/public/fonts/fontawesome-webfontba72.html]
[sinaptika.mercubuana.ac.id/wp-content/plugins/forget-about-shortcode-buttons/public/fonts/fontawesome-webfontba72.svg]
[sinaptika.mercubuana.ac.id/wp-content/plugins/kingcomposer/assets/css/fonts/fa-solid-900.woff2]
[sinaptika.mercubuana.ac.id/wp-content/plugins/kingcomposer/assets/css/fonts/fa-solid-900.ttf]
[sinaptika.mercubuana.ac.id/wp-content/uploads/2021/08/Template-ADIMASSI.docx]
[sinaptika.mercubuana.ac.id/index721c.html]
[sinaptika.mercubuana.ac.id/category/tanggal-penting/gelombang-3/index.html]
[sinaptika.mercubuana.ac.id/category/tanggal-penting/gelombang-3/feed/index.html]
[sinaptika.mercubuana.ac.id/9-november-2021/feed/index.html]
[sinaptika.mercubuana.ac.id/wp-json/oembed/1.0/embed75e4.json]
[sinaptika.mercubuana.ac.id/wp-json/oembed/1.0/embed5d82]
[sinaptika.mercubuana.ac.id/9-november-2021/index.html]
[sinaptika.mercubuana.ac.id/wp-json/oembed/1.0/embed1aab.json]
[sinaptika.mercubuana.ac.id/12-november-2021/feed/index.html]
[sinaptika.mercubuana.ac.id/12-november-2021/index.html]
[sinaptika.mercubuana.ac.id/index7e0e.html]
[sinaptika.mercubuana.ac.id/wp-json/oembed/1.0/embedda0a]
[sinaptika.mercubuana.ac.id/02-november-s-d-05-november-2021/feed/index.html]
[sinaptika.mercubuana.ac.id/wp-json/oembed/1.0/embed8403.json]
[sinaptika.mercubuana.ac.id/02-november-s-d-05-november-2021/index.html]
[sinaptika.mercubuana.ac.id/category/tanggal-penting/gelombang-2/index.html]
[sinaptika.mercubuana.ac.id/wp-json/oembed/1.0/embedac31]
[sinaptika.mercubuana.ac.id/category/tanggal-penting/gelombang-2/feed/index.html]
[sinaptika.mercubuana.ac.id/wp-json/oembed/1.0/embed0aec.json]
[sinaptika.mercubuana.ac.id/05-november-2021/feed/index.html]
[sinaptika.mercubuana.ac.id/05-november-2021/index.html]
[sinaptika.mercubuana.ac.id/wp-json/oembed/1.0/embedc970]
[sinaptika.mercubuana.ac.id/wp-json/oembed/1.0/embedf00d.json]
[sinaptika.mercubuana.ac.id/02-november-2021/feed/index.html]
[sinaptika.mercubuana.ac.id/wp-json/oembed/1.0/embede883]
[sinaptika.mercubuana.ac.id/02-november-2021/index.html]
[sinaptika.mercubuana.ac.id/1-oktober-s-d-24-oktober-2021/feed/index.html]
[sinaptika.mercubuana.ac.id/wp-json/oembed/1.0/embed2ef5.json]
[sinaptika.mercubuana.ac.id/1-oktober-s-d-24-oktober-2021/index.html]
[sinaptika.mercubuana.ac.id/wp-json/oembed/1.0/embeda5af]
[sinaptika.mercubuana.ac.id/ketentuan/feed/index.html]
[sinaptika.mercubuana.ac.id/wp-json/oembed/1.0/embed4407.json]
[sinaptika.mercubuana.ac.id/wp-json/oembed/1.0/embed0ad0]
[sinaptika.mercubuana.ac.id/ketentuan/index.html]
[sinaptika.mercubuana.ac.id/category/disclaimer/index.html]
[sinaptika.mercubuana.ac.id/category/disclaimer/feed/index.html]
[sinaptika.mercubuana.ac.id/wp-json/oembed/1.0/embed09ef.json]
[sinaptika.mercubuana.ac.id/12-desember-2020-2/feed/index.html]
[sinaptika.mercubuana.ac.id/12-desember-2020-2/index.html]
[sinaptika.mercubuana.ac.id/wp-json/oembed/1.0/embede879]
[sinaptika.mercubuana.ac.id/category/tanggal-penting/normal/index.html]
[sinaptika.mercubuana.ac.id/category/tanggal-penting/early-bird/index.html]
[sinaptika.mercubuana.ac.id/wp-content/uploads/2018/11/WhatsApp-Image-2020-11-21-at-13.06.09-2.jpg]
[sinaptika.mercubuana.ac.id/2018/04/page/2/index.html]
[sinaptika.mercubuana.ac.id/category/tanggal-penting/normal/feed/index.html]
[sinaptika.mercubuana.ac.id/1-juni-2018/index.html]
[sinaptika.mercubuana.ac.id/category/tanggal-penting/early-bird/feed/index.html]
[sinaptika.mercubuana.ac.id/wp-json/oembed/1.0/embed59d4.json]
[sinaptika.mercubuana.ac.id/workshop-teknologi-informasi-untuk-mahasiswa-dan-umum/feed/index.html]
[sinaptika.mercubuana.ac.id/workshop-teknologi-informasi-untuk-mahasiswa-dan-umum/index.html]
[sinaptika.mercubuana.ac.id/wp-json/oembed/1.0/embed790e]
[sinaptika.mercubuana.ac.id/kompetisi-teknologi-informasi/feed/index.html]
[sinaptika.mercubuana.ac.id/wp-json/oembed/1.0/embed6166.json]
[sinaptika.mercubuana.ac.id/wp-json/oembed/1.0/embed4047]
[sinaptika.mercubuana.ac.id/kompetisi-teknologi-informasi/index.html]
[sinaptika.mercubuana.ac.id/wp-json/oembed/1.0/embed04f5.json]
[sinaptika.mercubuana.ac.id/1-17-oktober-2018/feed/index.html]
[sinaptika.mercubuana.ac.id/1-17-oktober-2018/index.html]
[sinaptika.mercubuana.ac.id/wp-json/oembed/1.0/embed6460]
[sinaptika.mercubuana.ac.id/1-oktober-2018/feed/index.html]
[sinaptika.mercubuana.ac.id/wp-json/oembed/1.0/embedb8c7.json]
[sinaptika.mercubuana.ac.id/1-oktober-2018/index.html]
[sinaptika.mercubuana.ac.id/wp-json/oembed/1.0/embed386d]
[sinaptika.mercubuana.ac.id/10-september-2018/feed/index.html]
[sinaptika.mercubuana.ac.id/wp-json/oembed/1.0/embed643e.json]
[sinaptika.mercubuana.ac.id/10-september-2018/index.html]
[sinaptika.mercubuana.ac.id/wp-json/oembed/1.0/embedf62f]
[sinaptika.mercubuana.ac.id/wp-json/oembed/1.0/embed3dc9.json]
[sinaptika.mercubuana.ac.id/16-30-juli-2018/index.html]
[sinaptika.mercubuana.ac.id/wp-json/oembed/1.0/embedb22c]
[sinaptika.mercubuana.ac.id/16-30-juli-2018/feed/index.html]
[sinaptika.mercubuana.ac.id/wp-json/oembed/1.0/embedeb7c.json]
[sinaptika.mercubuana.ac.id/16-juli-2018/feed/index.html]
[sinaptika.mercubuana.ac.id/16-juli-2018/index.html]
[sinaptika.mercubuana.ac.id/wp-json/oembed/1.0/embed211f]
[sinaptika.mercubuana.ac.id/2-juli-2018/feed/index.html]
[sinaptika.mercubuana.ac.id/wp-json/oembed/1.0/embedef6b.json]
[sinaptika.mercubuana.ac.id/2-juli-2018/index.html]
[sinaptika.mercubuana.ac.id/wp-json/oembed/1.0/embed794e]
[sinaptika.mercubuana.ac.id/wp-json/oembed/1.0/embed101c.json]
[sinaptika.mercubuana.ac.id/a-passion-for-planning-enjoy-putting-their-plans-into-action/index.html]
[sinaptika.mercubuana.ac.id/type/image/index.html]
[sinaptika.mercubuana.ac.id/wp-json/oembed/1.0/embed875f]
[sinaptika.mercubuana.ac.id/type/image/feed/index.html]
[sinaptika.mercubuana.ac.id/wp-json/oembed/1.0/embed795d.json]
[sinaptika.mercubuana.ac.id/event-involves-the-planning-of-all-kinds-of-events-4/index.html]
[sinaptika.mercubuana.ac.id/type/aside/index.html]
[sinaptika.mercubuana.ac.id/wp-json/oembed/1.0/embed3264]
[sinaptika.mercubuana.ac.id/type/aside/feed/index.html]
[sinaptika.mercubuana.ac.id/wp-json/oembed/1.0/embedac90.json]
[sinaptika.mercubuana.ac.id/wp-json/oembed/1.0/embed1b11]
[sinaptika.mercubuana.ac.id/event-involves-the-planning-of-all-kinds-of-events-3/index.html]
[sinaptika.mercubuana.ac.id/wp-json/oembed/1.0/embed62ba.json]
[sinaptika.mercubuana.ac.id/wp-json/oembed/1.0/embed0b5f]
[sinaptika.mercubuana.ac.id/do-you-have-a-passion-for-organizing-and-meeting-new-people/index.html]
[sinaptika.mercubuana.ac.id/type/chat/index.html]
[sinaptika.mercubuana.ac.id/type/chat/feed/index.html]
[sinaptika.mercubuana.ac.id/wp-json/oembed/1.0/embedb3db.json]
[sinaptika.mercubuana.ac.id/hello-world-3/feed/index.html]
[sinaptika.mercubuana.ac.id/wp-json/oembed/1.0/embed543c]
[sinaptika.mercubuana.ac.id/hello-world-3/index.html]
[sinaptika.mercubuana.ac.id/wp-json/oembed/1.0/embed48a3.json]
[sinaptika.mercubuana.ac.id/wp-json/oembed/1.0/embed8a4e]
[sinaptika.mercubuana.ac.id/event-involves-the-planning-of-all-kinds-of-events-2/index.html]
[sinaptika.mercubuana.ac.id/wp-json/oembed/1.0/embedf244.json]
[sinaptika.mercubuana.ac.id/event-involves-the-planning-of-all-kinds-of-events/feed/index.html]
[sinaptika.mercubuana.ac.id/event-involves-the-planning-of-all-kinds-of-events/index.html]
[sinaptika.mercubuana.ac.id/type/audio/index.html]
[sinaptika.mercubuana.ac.id/tag/hello/index.html]
[sinaptika.mercubuana.ac.id/tag/theme-freesia/index.html]
[sinaptika.mercubuana.ac.id/wp-json/oembed/1.0/embedf887]
[sinaptika.mercubuana.ac.id/tag/world/index.html]
[sinaptika.mercubuana.ac.id/tag/world/feed/index.html]
[sinaptika.mercubuana.ac.id/tag/hello/feed/index.html]
[sinaptika.mercubuana.ac.id/tag/theme-freesia/feed/index.html]
[sinaptika.mercubuana.ac.id/type/audio/feed/index.html]
[sinaptika.mercubuana.ac.id/wp-json/oembed/1.0/embed8260.json]
[sinaptika.mercubuana.ac.id/the-clean-typography-and-awesome-white-layout/feed/index.html]
[sinaptika.mercubuana.ac.id/wp-json/oembed/1.0/embeda33a]
[sinaptika.mercubuana.ac.id/the-clean-typography-and-awesome-white-layout/index.html]
[sinaptika.mercubuana.ac.id/tag/event/index.html]
[sinaptika.mercubuana.ac.id/tag/themefreesia/index.html]
[sinaptika.mercubuana.ac.id/wp-content/uploads/2018/04/seminar.jpg]
[sinaptika.mercubuana.ac.id/index8374.html]
[sinaptika.mercubuana.ac.id/index6dad.html]
[sinaptika.mercubuana.ac.id/index1c7e.html]
[sinaptika.mercubuana.ac.id/indexb916.html]
[sinaptika.mercubuana.ac.id/index2167.html]
[sinaptika.mercubuana.ac.id/index28c5.html]
[sinaptika.mercubuana.ac.id/index4034.html]
[sinaptika.mercubuana.ac.id/category/fasilkom-univ-mercu-buana/page/2/index.html]
[sinaptika.mercubuana.ac.id/tag/themefreesia/feed/index.html]
[sinaptika.mercubuana.ac.id/tag/event/feed/index.html]
[sinaptika.mercubuana.ac.id/author/sinaptikamercubuana-ac-id/page/2/index.html]
[sinaptika.mercubuana.ac.id/wp-json/oembed/1.0/embed8659.json]
[sinaptika.mercubuana.ac.id/hello-world/feed/index.html]
[sinaptika.mercubuana.ac.id/wp-json/oembed/1.0/embedb314]
[sinaptika.mercubuana.ac.id/hello-world/index.html]
[sinaptika.mercubuana.ac.id/indexdf39.html]
[sinaptika.mercubuana.ac.id/wp-content/uploads/2021/08/—Pngtree—communication-icon_3607833.png]
[sinaptika.mercubuana.ac.id/index2b8f.html]
[sinaptika.mercubuana.ac.id/index269b.html]
[sinaptika.mercubuana.ac.id/wp-content/themes/event/assets/font-awesome/fonts/fontawesome-webfont3e6e.svg]
[sinaptika.mercubuana.ac.id/wp-content/plugins/kingcomposer/assets/css/fonts/fa-brands-400.eot]
[sinaptika.mercubuana.ac.id/index1b7d.html]
[sinaptika.mercubuana.ac.id/index8e8b.html]
[sinaptika.mercubuana.ac.id/index80a9.html]
[sinaptika.mercubuana.ac.id/index59cd.html]
[sinaptika.mercubuana.ac.id/index3e5f.html]
[sinaptika.mercubuana.ac.id/index876b.html]
[sinaptika.mercubuana.ac.id/index91ff.html]
[sinaptika.mercubuana.ac.id/index2610.html]
[sinaptika.mercubuana.ac.id/indexaad3.html]
[sinaptika.mercubuana.ac.id/wp-content/uploads/2018/04/14-2017.jpg]
[sinaptika.mercubuana.ac.id/wp-json/oembed/1.0/embed1a34.json]
[sinaptika.mercubuana.ac.id/wp-json/oembed/1.0/embed59bb]
[sinaptika.mercubuana.ac.id/1-juni-2018/index.html]
[sinaptika.mercubuana.ac.id/index2bcd.html]
[sinaptika.mercubuana.ac.id/indexfc9a.html]
[sinaptika.mercubuana.ac.id/index7cc7.html]
[sinaptika.mercubuana.ac.id/index3a3f.html]
[sinaptika.mercubuana.ac.id/index4126.html]
[sinaptika.mercubuana.ac.id/indexfded.html]
[sinaptika.mercubuana.ac.id/indexfbc0.html]
[sinaptika.mercubuana.ac.id/index5ff4.html]
[sinaptika.mercubuana.ac.id/index18ee.html]
[sinaptika.mercubuana.ac.id/index481e.html]
[sinaptika.mercubuana.ac.id/index76f0.html]
[sinaptika.mercubuana.ac.id/indexcaf0.html]
[sinaptika.mercubuana.ac.id/index3922.html]
[sinaptika.mercubuana.ac.id/index6452.html]
[sinaptika.mercubuana.ac.id/indexdc0d.html]
[sinaptika.mercubuana.ac.id/index5721.html]
[sinaptika.mercubuana.ac.id/wp-json/oembed/1.0/embed3d4f]
[sinaptika.mercubuana.ac.id/author/sinaptikamercubuana-ac-id/page/2/index.html]
[sinaptika.mercubuana.ac.id/wp-content/uploads/2018/11/WhatsApp-Image-2020-11-21-at-13.06.09-2.jpg]
[sinaptika.mercubuana.ac.id/wp-content/uploads/2018/04/workshop.jpg]
[sinaptika.mercubuana.ac.id/indexcff1.html]
[sinaptika.mercubuana.ac.id/index7398.html]
[sinaptika.mercubuana.ac.id/fee/index.html]
[sinaptika.mercubuana.ac.id/author/sinaptikamercubuana-ac-id/page/3/index.html]
[sinaptika.mercubuana.ac.id/author/sinaptikamercubuana-ac-id/page/3/index.html]
[sinaptika.mercubuana.ac.id/fee/feed/index.html]
[sinaptika.mercubuana.ac.id/fee/index.html]
[sinaptika.mercubuana.ac.id/wp-json/oembed/1.0/embed9fc2]
[sinaptika.mercubuana.ac.id/author/sinaptikamercubuana-ac-id/page/4/index.html]
[sinaptika.mercubuana.ac.id/author/sinaptikamercubuana-ac-id/page/4/index.html]
[sinaptika.mercubuana.ac.id/index8ce5.html]
[sinaptika.mercubuana.ac.id/1-juni-2018/feed/index.html]
[sinaptika.mercubuana.ac.id/wp-json/oembed/1.0/embed0813]
